[1.691s] Invoking command in '/mnt/hgfs/BRICS-FS-58-2026/module3/ros2_ws/src/cmd_vel_pub': PYTHONPATH=/mnt/hgfs/BRICS-FS-58-2026/module3/ros2_ws/build/cmd_vel_pub/prefix_override:/usr/lib/python3/dist-packages/colcon_core/task/python/colcon_distutils_commands:/mnt/hgfs/BRICS-FS-58-2026/module3/ros2_ws/install/cmd_vel_pub/lib/python3.10/site-packages:${PYTHONPATH} /usr/bin/python3 -W ignore:setup.py install is deprecated -W ignore:easy_install command is deprecated setup.py egg_info --egg-base ../../build/cmd_vel_pub build --build-base /mnt/hgfs/BRICS-FS-58-2026/module3/ros2_ws/build/cmd_vel_pub/build install --record /mnt/hgfs/BRICS-FS-58-2026/module3/ros2_ws/build/cmd_vel_pub/install.log --install-scripts $base/lib/cmd_vel_pub --single-version-externally-managed install_data
[2.315s] running egg_info
[2.324s] creating ../../build/cmd_vel_pub/cmd_vel_pub.egg-info
[2.335s] writing ../../build/cmd_vel_pub/cmd_vel_pub.egg-info/PKG-INFO
[2.351s] writing dependency_links to ../../build/cmd_vel_pub/cmd_vel_pub.egg-info/dependency_links.txt
[2.357s] writing entry points to ../../build/cmd_vel_pub/cmd_vel_pub.egg-info/entry_points.txt
[2.363s] writing requirements to ../../build/cmd_vel_pub/cmd_vel_pub.egg-info/requires.txt
[2.384s] writing top-level names to ../../build/cmd_vel_pub/cmd_vel_pub.egg-info/top_level.txt
[2.399s] writing manifest file '../../build/cmd_vel_pub/cmd_vel_pub.egg-info/SOURCES.txt'
[2.447s] reading manifest file '../../build/cmd_vel_pub/cmd_vel_pub.egg-info/SOURCES.txt'
[2.458s] writing manifest file '../../build/cmd_vel_pub/cmd_vel_pub.egg-info/SOURCES.txt'
[2.468s] running build
[2.479s] running build_py
[2.490s] creating /mnt/hgfs/BRICS-FS-58-2026/module3/ros2_ws/build/cmd_vel_pub/build
[2.495s] creating /mnt/hgfs/BRICS-FS-58-2026/module3/ros2_ws/build/cmd_vel_pub/build/lib
[2.504s] creating /mnt/hgfs/BRICS-FS-58-2026/module3/ros2_ws/build/cmd_vel_pub/build/lib/cmd_vel_pub
[2.512s] copying cmd_vel_pub/publisher.py -> /mnt/hgfs/BRICS-FS-58-2026/module3/ros2_ws/build/cmd_vel_pub/build/lib/cmd_vel_pub
[2.524s] copying cmd_vel_pub/__init__.py -> /mnt/hgfs/BRICS-FS-58-2026/module3/ros2_ws/build/cmd_vel_pub/build/lib/cmd_vel_pub
[2.532s] running install
[2.543s] running install_lib
[2.553s] creating /mnt/hgfs/BRICS-FS-58-2026/module3/ros2_ws/install/cmd_vel_pub/lib/python3.10/site-packages/cmd_vel_pub
[2.562s] copying /mnt/hgfs/BRICS-FS-58-2026/module3/ros2_ws/build/cmd_vel_pub/build/lib/cmd_vel_pub/publisher.py -> /mnt/hgfs/BRICS-FS-58-2026/module3/ros2_ws/install/cmd_vel_pub/lib/python3.10/site-packages/cmd_vel_pub
[2.575s] copying /mnt/hgfs/BRICS-FS-58-2026/module3/ros2_ws/build/cmd_vel_pub/build/lib/cmd_vel_pub/__init__.py -> /mnt/hgfs/BRICS-FS-58-2026/module3/ros2_ws/install/cmd_vel_pub/lib/python3.10/site-packages/cmd_vel_pub
[2.595s] byte-compiling /mnt/hgfs/BRICS-FS-58-2026/module3/ros2_ws/install/cmd_vel_pub/lib/python3.10/site-packages/cmd_vel_pub/publisher.py to publisher.cpython-310.pyc
[2.613s] byte-compiling /mnt/hgfs/BRICS-FS-58-2026/module3/ros2_ws/install/cmd_vel_pub/lib/python3.10/site-packages/cmd_vel_pub/__init__.py to __init__.cpython-310.pyc
[2.631s] running install_data
[2.639s] creating /mnt/hgfs/BRICS-FS-58-2026/module3/ros2_ws/install/cmd_vel_pub/share/ament_index
[2.647s] creating /mnt/hgfs/BRICS-FS-58-2026/module3/ros2_ws/install/cmd_vel_pub/share/ament_index/resource_index
[2.654s] creating /mnt/hgfs/BRICS-FS-58-2026/module3/ros2_ws/install/cmd_vel_pub/share/ament_index/resource_index/packages
[2.664s] copying resource/cmd_vel_pub -> /mnt/hgfs/BRICS-FS-58-2026/module3/ros2_ws/install/cmd_vel_pub/share/ament_index/resource_index/packages
[2.673s] copying package.xml -> /mnt/hgfs/BRICS-FS-58-2026/module3/ros2_ws/install/cmd_vel_pub/share/cmd_vel_pub
[2.685s] running install_egg_info
[2.700s] Copying ../../build/cmd_vel_pub/cmd_vel_pub.egg-info to /mnt/hgfs/BRICS-FS-58-2026/module3/ros2_ws/install/cmd_vel_pub/lib/python3.10/site-packages/cmd_vel_pub-0.0.0-py3.10.egg-info
[2.805s] running install_scripts
[2.862s] Installing publisher script to /mnt/hgfs/BRICS-FS-58-2026/module3/ros2_ws/install/cmd_vel_pub/lib/cmd_vel_pub
[2.873s] writing list of installed files to '/mnt/hgfs/BRICS-FS-58-2026/module3/ros2_ws/build/cmd_vel_pub/install.log'
[2.936s] Invoked command in '/mnt/hgfs/BRICS-FS-58-2026/module3/ros2_ws/src/cmd_vel_pub' returned '0': PYTHONPATH=/mnt/hgfs/BRICS-FS-58-2026/module3/ros2_ws/build/cmd_vel_pub/prefix_override:/usr/lib/python3/dist-packages/colcon_core/task/python/colcon_distutils_commands:/mnt/hgfs/BRICS-FS-58-2026/module3/ros2_ws/install/cmd_vel_pub/lib/python3.10/site-packages:${PYTHONPATH} /usr/bin/python3 -W ignore:setup.py install is deprecated -W ignore:easy_install command is deprecated setup.py egg_info --egg-base ../../build/cmd_vel_pub build --build-base /mnt/hgfs/BRICS-FS-58-2026/module3/ros2_ws/build/cmd_vel_pub/build install --record /mnt/hgfs/BRICS-FS-58-2026/module3/ros2_ws/build/cmd_vel_pub/install.log --install-scripts $base/lib/cmd_vel_pub --single-version-externally-managed install_data
