[0.278s] DEBUG:colcon:Command line arguments: ['/usr/bin/colcon', 'build']
[0.279s] DEBUG:colcon:Parsed command line arguments: Namespace(log_base=None, log_level=None, verb_name='build', build_base='build', install_base='install', merge_install=False, symlink_install=False, test_result_base=None, continue_on_error=False, executor='parallel', parallel_workers=16, event_handlers=None, ignore_user_meta=False, metas=['./colcon.meta'], base_paths=['.'], packages_ignore=None, packages_ignore_regex=None, paths=None, packages_up_to=None, packages_up_to_regex=None, packages_above=None, packages_above_and_dependencies=None, packages_above_depth=None, packages_select_by_dep=None, packages_skip_by_dep=None, packages_skip_up_to=None, packages_select_build_failed=False, packages_skip_build_finished=False, packages_select_test_failures=False, packages_skip_test_passed=False, packages_select=None, packages_skip=None, packages_select_regex=None, packages_skip_regex=None, packages_start=None, packages_end=None, cmake_args=None, cmake_target=None, cmake_target_skip_unavailable=False, cmake_clean_cache=False, cmake_clean_first=False, cmake_force_configure=False, ament_cmake_args=None, catkin_cmake_args=None, catkin_skip_building_tests=False, mixin_files=None, mixin=None, verb_parser=<colcon_mixin.mixin.mixin_argument.MixinArgumentDecorator object at 0x7b20e4054760>, verb_extension=<colcon_core.verb.build.BuildVerb object at 0x7b20e4161960>, main=<bound method BuildVerb.main of <colcon_core.verb.build.BuildVerb object at 0x7b20e4161960>>, mixin_verb=('build',))
[0.663s] Level 1:colcon.colcon_core.package_discovery:discover_packages(colcon_meta) check parameters
[0.665s] Level 1:colcon.colcon_core.package_discovery:discover_packages(recursive) check parameters
[0.666s] Level 1:colcon.colcon_core.package_discovery:discover_packages(ignore) check parameters
[0.667s] Level 1:colcon.colcon_core.package_discovery:discover_packages(path) check parameters
[0.668s] Level 1:colcon.colcon_core.package_discovery:discover_packages(colcon_meta) discover
[0.669s] Level 1:colcon.colcon_core.package_discovery:discover_packages(recursive) discover
[0.671s] INFO:colcon.colcon_core.package_discovery:Crawling recursively for packages in '/mnt/hgfs/BRICS-FS-58-2026/module3/ros2_ws'
[0.677s] Level 1:colcon.colcon_core.package_identification:_identify(.) by extensions ['ignore', 'ignore_ament_install']
[0.678s] Level 1:colcon.colcon_core.package_identification:_identify(.) by extension 'ignore'
[0.681s] Level 1:colcon.colcon_core.package_identification:_identify(.) by extension 'ignore_ament_install'
[0.684s] Level 1:colcon.colcon_core.package_identification:_identify(.) by extensions ['colcon_pkg']
[0.685s] Level 1:colcon.colcon_core.package_identification:_identify(.) by extension 'colcon_pkg'
[0.687s] Level 1:colcon.colcon_core.package_identification:_identify(.) by extensions ['colcon_meta']
[0.688s] Level 1:colcon.colcon_core.package_identification:_identify(.) by extension 'colcon_meta'
[0.689s] Level 1:colcon.colcon_core.package_identification:_identify(.) by extensions ['ros']
[0.690s] Level 1:colcon.colcon_core.package_identification:_identify(.) by extension 'ros'
[0.723s] Level 1:colcon.colcon_core.package_identification:_identify(.) by extensions ['cmake', 'python']
[0.724s] Level 1:colcon.colcon_core.package_identification:_identify(.) by extension 'cmake'
[0.726s] Level 1:colcon.colcon_core.package_identification:_identify(.) by extension 'python'
[0.728s] Level 1:colcon.colcon_core.package_identification:_identify(.) by extensions ['python_setup_py']
[0.730s] Level 1:colcon.colcon_core.package_identification:_identify(.) by extension 'python_setup_py'
[0.738s] Level 1:colcon.colcon_core.package_identification:_identify(build) by extensions ['ignore', 'ignore_ament_install']
[0.739s] Level 1:colcon.colcon_core.package_identification:_identify(build) by extension 'ignore'
[0.740s] Level 1:colcon.colcon_core.package_identification:_identify(build) ignored
[0.749s] Level 1:colcon.colcon_core.package_identification:_identify(install) by extensions ['ignore', 'ignore_ament_install']
[0.751s] Level 1:colcon.colcon_core.package_identification:_identify(install) by extension 'ignore'
[0.753s] Level 1:colcon.colcon_core.package_identification:_identify(install) ignored
[0.759s] Level 1:colcon.colcon_core.package_identification:_identify(log) by extensions ['ignore', 'ignore_ament_install']
[0.760s] Level 1:colcon.colcon_core.package_identification:_identify(log) by extension 'ignore'
[0.762s] Level 1:colcon.colcon_core.package_identification:_identify(log) ignored
[0.767s] Level 1:colcon.colcon_core.package_identification:_identify(src) by extensions ['ignore', 'ignore_ament_install']
[0.768s] Level 1:colcon.colcon_core.package_identification:_identify(src) by extension 'ignore'
[0.771s] Level 1:colcon.colcon_core.package_identification:_identify(src) by extension 'ignore_ament_install'
[0.774s] Level 1:colcon.colcon_core.package_identification:_identify(src) by extensions ['colcon_pkg']
[0.775s] Level 1:colcon.colcon_core.package_identification:_identify(src) by extension 'colcon_pkg'
[0.777s] Level 1:colcon.colcon_core.package_identification:_identify(src) by extensions ['colcon_meta']
[0.778s] Level 1:colcon.colcon_core.package_identification:_identify(src) by extension 'colcon_meta'
[0.779s] Level 1:colcon.colcon_core.package_identification:_identify(src) by extensions ['ros']
[0.780s] Level 1:colcon.colcon_core.package_identification:_identify(src) by extension 'ros'
[0.784s] Level 1:colcon.colcon_core.package_identification:_identify(src) by extensions ['cmake', 'python']
[0.785s] Level 1:colcon.colcon_core.package_identification:_identify(src) by extension 'cmake'
[0.787s] Level 1:colcon.colcon_core.package_identification:_identify(src) by extension 'python'
[0.789s] Level 1:colcon.colcon_core.package_identification:_identify(src) by extensions ['python_setup_py']
[0.790s] Level 1:colcon.colcon_core.package_identification:_identify(src) by extension 'python_setup_py'
[0.799s] Level 1:colcon.colcon_core.package_identification:_identify(src/cmd_vel_pub) by extensions ['ignore', 'ignore_ament_install']
[0.800s] Level 1:colcon.colcon_core.package_identification:_identify(src/cmd_vel_pub) by extension 'ignore'
[0.802s] Level 1:colcon.colcon_core.package_identification:_identify(src/cmd_vel_pub) by extension 'ignore_ament_install'
[0.806s] Level 1:colcon.colcon_core.package_identification:_identify(src/cmd_vel_pub) by extensions ['colcon_pkg']
[0.807s] Level 1:colcon.colcon_core.package_identification:_identify(src/cmd_vel_pub) by extension 'colcon_pkg'
[0.809s] Level 1:colcon.colcon_core.package_identification:_identify(src/cmd_vel_pub) by extensions ['colcon_meta']
[0.810s] Level 1:colcon.colcon_core.package_identification:_identify(src/cmd_vel_pub) by extension 'colcon_meta'
[0.811s] Level 1:colcon.colcon_core.package_identification:_identify(src/cmd_vel_pub) by extensions ['ros']
[0.812s] Level 1:colcon.colcon_core.package_identification:_identify(src/cmd_vel_pub) by extension 'ros'
[0.824s] DEBUG:colcon.colcon_core.package_identification:Package 'src/cmd_vel_pub' with type 'ros.ament_python' and name 'cmd_vel_pub'
[0.825s] Level 1:colcon.colcon_core.package_discovery:discover_packages(recursive) using defaults
[0.827s] Level 1:colcon.colcon_core.package_discovery:discover_packages(ignore) discover
[0.828s] Level 1:colcon.colcon_core.package_discovery:discover_packages(ignore) using defaults
[0.829s] Level 1:colcon.colcon_core.package_discovery:discover_packages(path) discover
[0.831s] Level 1:colcon.colcon_core.package_discovery:discover_packages(path) using defaults
[0.884s] Level 5:colcon.colcon_core.verb:set package 'cmd_vel_pub' build argument 'cmake_args' from command line to 'None'
[0.885s] Level 5:colcon.colcon_core.verb:set package 'cmd_vel_pub' build argument 'cmake_target' from command line to 'None'
[0.886s] Level 5:colcon.colcon_core.verb:set package 'cmd_vel_pub' build argument 'cmake_target_skip_unavailable' from command line to 'False'
[0.887s] Level 5:colcon.colcon_core.verb:set package 'cmd_vel_pub' build argument 'cmake_clean_cache' from command line to 'False'
[0.889s] Level 5:colcon.colcon_core.verb:set package 'cmd_vel_pub' build argument 'cmake_clean_first' from command line to 'False'
[0.891s] Level 5:colcon.colcon_core.verb:set package 'cmd_vel_pub' build argument 'cmake_force_configure' from command line to 'False'
[0.893s] Level 5:colcon.colcon_core.verb:set package 'cmd_vel_pub' build argument 'ament_cmake_args' from command line to 'None'
[0.893s] Level 5:colcon.colcon_core.verb:set package 'cmd_vel_pub' build argument 'catkin_cmake_args' from command line to 'None'
[0.894s] Level 5:colcon.colcon_core.verb:set package 'cmd_vel_pub' build argument 'catkin_skip_building_tests' from command line to 'False'
[0.895s] DEBUG:colcon.colcon_core.verb:Building package 'cmd_vel_pub' with the following arguments: {'ament_cmake_args': None, 'build_base': '/mnt/hgfs/BRICS-FS-58-2026/module3/ros2_ws/build/cmd_vel_pub', 'catkin_cmake_args': None, 'catkin_skip_building_tests': False, 'cmake_args': None, 'cmake_clean_cache': False, 'cmake_clean_first': False, 'cmake_force_configure': False, 'cmake_target': None, 'cmake_target_skip_unavailable': False, 'install_base': '/mnt/hgfs/BRICS-FS-58-2026/module3/ros2_ws/install/cmd_vel_pub', 'merge_install': False, 'path': '/mnt/hgfs/BRICS-FS-58-2026/module3/ros2_ws/src/cmd_vel_pub', 'symlink_install': False, 'test_result_base': None}
[0.897s] INFO:colcon.colcon_core.executor:Executing jobs using 'parallel' executor
[0.900s] DEBUG:colcon.colcon_parallel_executor.executor.parallel:run_until_complete
[0.903s] INFO:colcon.colcon_ros.task.ament_python.build:Building ROS package in '/mnt/hgfs/BRICS-FS-58-2026/module3/ros2_ws/src/cmd_vel_pub' with build type 'ament_python'
[0.905s] Level 1:colcon.colcon_core.shell:create_environment_hook('cmd_vel_pub', 'ament_prefix_path')
[0.913s] INFO:colcon.colcon_core.plugin_system:Skipping extension 'colcon_core.shell.bat': Not used on non-Windows systems
[0.914s] INFO:colcon.colcon_core.shell:Creating environment hook '/mnt/hgfs/BRICS-FS-58-2026/module3/ros2_ws/install/cmd_vel_pub/share/cmd_vel_pub/hook/ament_prefix_path.ps1'
[0.925s] INFO:colcon.colcon_core.shell:Creating environment descriptor '/mnt/hgfs/BRICS-FS-58-2026/module3/ros2_ws/install/cmd_vel_pub/share/cmd_vel_pub/hook/ament_prefix_path.dsv'
[0.934s] INFO:colcon.colcon_core.shell:Creating environment hook '/mnt/hgfs/BRICS-FS-58-2026/module3/ros2_ws/install/cmd_vel_pub/share/cmd_vel_pub/hook/ament_prefix_path.sh'
[0.944s] INFO:colcon.colcon_core.shell:Skip shell extension 'powershell' for command environment: Not usable outside of PowerShell
[0.945s] DEBUG:colcon.colcon_core.shell:Skip shell extension 'dsv' for command environment
[1.639s] INFO:colcon.colcon_core.task.python.build:Building Python package in '/mnt/hgfs/BRICS-FS-58-2026/module3/ros2_ws/src/cmd_vel_pub'
[1.642s] INFO:colcon.colcon_core.shell:Skip shell extension 'powershell' for command environment: Not usable outside of PowerShell
[1.643s] DEBUG:colcon.colcon_core.shell:Skip shell extension 'dsv' for command environment
[2.558s] DEBUG:colcon.colcon_core.task.python.build:Available setuptools commands: bdist_egg, test, build_clib, saveopts, bdist_rpm, build, alias, register, install_lib, check, install_data, symlink_data, build_ext, build_scripts, install, sdist, setopt, easy_install, rotate, clean, build_py, develop, dist_info, egg_info, install_headers, bdist, install_scripts, upload, install_egg_info, upload_docs, bdist_dumb
[2.601s] DEBUG:colcon.colcon_core.event_handler.log_command:Invoking command in '/mnt/hgfs/BRICS-FS-58-2026/module3/ros2_ws/src/cmd_vel_pub': PYTHONPATH=/mnt/hgfs/BRICS-FS-58-2026/module3/ros2_ws/build/cmd_vel_pub/prefix_override:/usr/lib/python3/dist-packages/colcon_core/task/python/colcon_distutils_commands:/mnt/hgfs/BRICS-FS-58-2026/module3/ros2_ws/install/cmd_vel_pub/lib/python3.10/site-packages:${PYTHONPATH} /usr/bin/python3 -W ignore:setup.py install is deprecated -W ignore:easy_install command is deprecated setup.py egg_info --egg-base ../../build/cmd_vel_pub build --build-base /mnt/hgfs/BRICS-FS-58-2026/module3/ros2_ws/build/cmd_vel_pub/build install --record /mnt/hgfs/BRICS-FS-58-2026/module3/ros2_ws/build/cmd_vel_pub/install.log --install-scripts $base/lib/cmd_vel_pub --single-version-externally-managed install_data
[3.846s] DEBUG:colcon.colcon_core.event_handler.log_command:Invoked command in '/mnt/hgfs/BRICS-FS-58-2026/module3/ros2_ws/src/cmd_vel_pub' returned '0': PYTHONPATH=/mnt/hgfs/BRICS-FS-58-2026/module3/ros2_ws/build/cmd_vel_pub/prefix_override:/usr/lib/python3/dist-packages/colcon_core/task/python/colcon_distutils_commands:/mnt/hgfs/BRICS-FS-58-2026/module3/ros2_ws/install/cmd_vel_pub/lib/python3.10/site-packages:${PYTHONPATH} /usr/bin/python3 -W ignore:setup.py install is deprecated -W ignore:easy_install command is deprecated setup.py egg_info --egg-base ../../build/cmd_vel_pub build --build-base /mnt/hgfs/BRICS-FS-58-2026/module3/ros2_ws/build/cmd_vel_pub/build install --record /mnt/hgfs/BRICS-FS-58-2026/module3/ros2_ws/build/cmd_vel_pub/install.log --install-scripts $base/lib/cmd_vel_pub --single-version-externally-managed install_data
[3.876s] Level 1:colcon.colcon_core.environment:checking '/mnt/hgfs/BRICS-FS-58-2026/module3/ros2_ws/install/cmd_vel_pub' for CMake module files
[3.901s] Level 1:colcon.colcon_core.environment:checking '/mnt/hgfs/BRICS-FS-58-2026/module3/ros2_ws/install/cmd_vel_pub' for CMake config files
[3.965s] Level 1:colcon.colcon_core.environment:checking '/mnt/hgfs/BRICS-FS-58-2026/module3/ros2_ws/install/cmd_vel_pub/lib'
[3.970s] Level 1:colcon.colcon_core.environment:checking '/mnt/hgfs/BRICS-FS-58-2026/module3/ros2_ws/install/cmd_vel_pub/bin'
[3.972s] Level 1:colcon.colcon_core.environment:checking '/mnt/hgfs/BRICS-FS-58-2026/module3/ros2_ws/install/cmd_vel_pub/lib/pkgconfig/cmd_vel_pub.pc'
[3.975s] Level 1:colcon.colcon_core.environment:checking '/mnt/hgfs/BRICS-FS-58-2026/module3/ros2_ws/install/cmd_vel_pub/lib/python3.10/site-packages'
[3.976s] Level 1:colcon.colcon_core.shell:create_environment_hook('cmd_vel_pub', 'pythonpath')
[3.979s] INFO:colcon.colcon_core.shell:Creating environment hook '/mnt/hgfs/BRICS-FS-58-2026/module3/ros2_ws/install/cmd_vel_pub/share/cmd_vel_pub/hook/pythonpath.ps1'
[3.988s] INFO:colcon.colcon_core.shell:Creating environment descriptor '/mnt/hgfs/BRICS-FS-58-2026/module3/ros2_ws/install/cmd_vel_pub/share/cmd_vel_pub/hook/pythonpath.dsv'
[3.997s] INFO:colcon.colcon_core.shell:Creating environment hook '/mnt/hgfs/BRICS-FS-58-2026/module3/ros2_ws/install/cmd_vel_pub/share/cmd_vel_pub/hook/pythonpath.sh'
[4.009s] Level 1:colcon.colcon_core.environment:checking '/mnt/hgfs/BRICS-FS-58-2026/module3/ros2_ws/install/cmd_vel_pub/bin'
[4.012s] Level 1:colcon.colcon_core.environment:create_environment_scripts_only(cmd_vel_pub)
[4.014s] INFO:colcon.colcon_core.shell:Creating package script '/mnt/hgfs/BRICS-FS-58-2026/module3/ros2_ws/install/cmd_vel_pub/share/cmd_vel_pub/package.ps1'
[4.023s] INFO:colcon.colcon_core.shell:Creating package descriptor '/mnt/hgfs/BRICS-FS-58-2026/module3/ros2_ws/install/cmd_vel_pub/share/cmd_vel_pub/package.dsv'
[4.032s] INFO:colcon.colcon_core.shell:Creating package script '/mnt/hgfs/BRICS-FS-58-2026/module3/ros2_ws/install/cmd_vel_pub/share/cmd_vel_pub/package.sh'
[4.040s] INFO:colcon.colcon_core.shell:Creating package script '/mnt/hgfs/BRICS-FS-58-2026/module3/ros2_ws/install/cmd_vel_pub/share/cmd_vel_pub/package.bash'
[4.049s] INFO:colcon.colcon_core.shell:Creating package script '/mnt/hgfs/BRICS-FS-58-2026/module3/ros2_ws/install/cmd_vel_pub/share/cmd_vel_pub/package.zsh'
[4.057s] Level 1:colcon.colcon_core.environment:create_file_with_runtime_dependencies(/mnt/hgfs/BRICS-FS-58-2026/module3/ros2_ws/install/cmd_vel_pub/share/colcon-core/packages/cmd_vel_pub)
[4.073s] DEBUG:colcon.colcon_parallel_executor.executor.parallel:closing loop
[4.075s] DEBUG:colcon.colcon_parallel_executor.executor.parallel:loop closed
[4.076s] DEBUG:colcon.colcon_parallel_executor.executor.parallel:run_until_complete finished with '0'
[4.079s] DEBUG:colcon.colcon_core.event_reactor:joining thread
[4.089s] DEBUG:colcon.colcon_core.event_reactor:joined thread
[4.091s] INFO:colcon.colcon_core.shell:Creating prefix script '/mnt/hgfs/BRICS-FS-58-2026/module3/ros2_ws/install/local_setup.ps1'
[4.099s] INFO:colcon.colcon_core.shell:Creating prefix util module '/mnt/hgfs/BRICS-FS-58-2026/module3/ros2_ws/install/_local_setup_util_ps1.py'
[4.108s] INFO:colcon.colcon_core.shell:Creating prefix chain script '/mnt/hgfs/BRICS-FS-58-2026/module3/ros2_ws/install/setup.ps1'
[4.119s] INFO:colcon.colcon_core.shell:Creating prefix script '/mnt/hgfs/BRICS-FS-58-2026/module3/ros2_ws/install/local_setup.sh'
[4.126s] INFO:colcon.colcon_core.shell:Creating prefix util module '/mnt/hgfs/BRICS-FS-58-2026/module3/ros2_ws/install/_local_setup_util_sh.py'
[4.133s] INFO:colcon.colcon_core.shell:Creating prefix chain script '/mnt/hgfs/BRICS-FS-58-2026/module3/ros2_ws/install/setup.sh'
[4.143s] INFO:colcon.colcon_core.shell:Creating prefix script '/mnt/hgfs/BRICS-FS-58-2026/module3/ros2_ws/install/local_setup.bash'
[4.151s] INFO:colcon.colcon_core.shell:Creating prefix chain script '/mnt/hgfs/BRICS-FS-58-2026/module3/ros2_ws/install/setup.bash'
[4.159s] INFO:colcon.colcon_core.shell:Creating prefix script '/mnt/hgfs/BRICS-FS-58-2026/module3/ros2_ws/install/local_setup.zsh'
[4.166s] INFO:colcon.colcon_core.shell:Creating prefix chain script '/mnt/hgfs/BRICS-FS-58-2026/module3/ros2_ws/install/setup.zsh'
